Archive member included to satisfy reference by file (symbol)

../../../../../drivers/crypto/lib/libcrypto.a(aes.o)
                              ./objects/cmac.o (aes_init)
d:/toolchain/gcc-arm-none-eabi-9-2020-q2-update-win32/bin/../lib/gcc/arm-none-eabi/9.3.1/thumb/v7e-m/nofp\libgcc.a(_arm_muldf3.o)
                              ./objects/printf-stdarg.o (__aeabi_dmul)
d:/toolchain/gcc-arm-none-eabi-9-2020-q2-update-win32/bin/../lib/gcc/arm-none-eabi/9.3.1/thumb/v7e-m/nofp\libgcc.a(_arm_addsubdf3.o)
                              ./objects/printf-stdarg.o (__aeabi_dsub)
d:/toolchain/gcc-arm-none-eabi-9-2020-q2-update-win32/bin/../lib/gcc/arm-none-eabi/9.3.1/thumb/v7e-m/nofp\libgcc.a(_arm_muldivdf3.o)
                              ./objects/printf-stdarg.o (__aeabi_ddiv)
d:/toolchain/gcc-arm-none-eabi-9-2020-q2-update-win32/bin/../lib/gcc/arm-none-eabi/9.3.1/thumb/v7e-m/nofp\libgcc.a(_arm_cmpdf2.o)
                              ./objects/printf-stdarg.o (__aeabi_dcmpeq)
d:/toolchain/gcc-arm-none-eabi-9-2020-q2-update-win32/bin/../lib/gcc/arm-none-eabi/9.3.1/thumb/v7e-m/nofp\libgcc.a(_arm_fixdfsi.o)
                              ./objects/printf-stdarg.o (__aeabi_d2iz)
d:/toolchain/gcc-arm-none-eabi-9-2020-q2-update-win32/bin/../lib/gcc/arm-none-eabi/9.3.1/thumb/v7e-m/nofp\libgcc.a(_arm_fixunsdfsi.o)
                              ./objects/printf-stdarg.o (__aeabi_d2uiz)
d:/toolchain/gcc-arm-none-eabi-9-2020-q2-update-win32/bin/../lib/gcc/arm-none-eabi/9.3.1/thumb/v7e-m/nofp\libgcc.a(_aeabi_uldivmod.o)
                              ./objects/printf-stdarg.o (__aeabi_uldivmod)
d:/toolchain/gcc-arm-none-eabi-9-2020-q2-update-win32/bin/../lib/gcc/arm-none-eabi/9.3.1/thumb/v7e-m/nofp\libgcc.a(_fixunsdfdi.o)
                              ./objects/rtc-board.o (__aeabi_d2ulz)
d:/toolchain/gcc-arm-none-eabi-9-2020-q2-update-win32/bin/../lib/gcc/arm-none-eabi/9.3.1/thumb/v7e-m/nofp\libgcc.a(_udivmoddi4.o)
                              d:/toolchain/gcc-arm-none-eabi-9-2020-q2-update-win32/bin/../lib/gcc/arm-none-eabi/9.3.1/thumb/v7e-m/nofp\libgcc.a(_aeabi_uldivmod.o) (__udivmoddi4)
d:/toolchain/gcc-arm-none-eabi-9-2020-q2-update-win32/bin/../lib/gcc/arm-none-eabi/9.3.1/thumb/v7e-m/nofp\libgcc.a(_dvmd_tls.o)
                              d:/toolchain/gcc-arm-none-eabi-9-2020-q2-update-win32/bin/../lib/gcc/arm-none-eabi/9.3.1/thumb/v7e-m/nofp\libgcc.a(_aeabi_uldivmod.o) (__aeabi_ldiv0)
d:/toolchain/gcc-arm-none-eabi-9-2020-q2-update-win32/bin/../lib/gcc/arm-none-eabi/9.3.1/../../../../arm-none-eabi/lib/thumb/v7e-m/nofp\libc.a(lib_a-exit.o)
                              d:/toolchain/gcc-arm-none-eabi-9-2020-q2-update-win32/bin/../lib/gcc/arm-none-eabi/9.3.1/../../../../arm-none-eabi/lib/thumb/v7e-m/nofp/crt0.o (exit)
d:/toolchain/gcc-arm-none-eabi-9-2020-q2-update-win32/bin/../lib/gcc/arm-none-eabi/9.3.1/../../../../arm-none-eabi/lib/thumb/v7e-m/nofp\libc.a(lib_a-impure.o)
                              d:/toolchain/gcc-arm-none-eabi-9-2020-q2-update-win32/bin/../lib/gcc/arm-none-eabi/9.3.1/../../../../arm-none-eabi/lib/thumb/v7e-m/nofp\libc.a(lib_a-exit.o) (_global_impure_ptr)
d:/toolchain/gcc-arm-none-eabi-9-2020-q2-update-win32/bin/../lib/gcc/arm-none-eabi/9.3.1/../../../../arm-none-eabi/lib/thumb/v7e-m/nofp\libc.a(lib_a-init.o)
                              d:/toolchain/gcc-arm-none-eabi-9-2020-q2-update-win32/bin/../lib/gcc/arm-none-eabi/9.3.1/../../../../arm-none-eabi/lib/thumb/v7e-m/nofp/crt0.o (__libc_init_array)
d:/toolchain/gcc-arm-none-eabi-9-2020-q2-update-win32/bin/../lib/gcc/arm-none-eabi/9.3.1/../../../../arm-none-eabi/lib/thumb/v7e-m/nofp\libc.a(lib_a-memcpy.o)
                              ./objects/pingpong.o (memcpy)
d:/toolchain/gcc-arm-none-eabi-9-2020-q2-update-win32/bin/../lib/gcc/arm-none-eabi/9.3.1/../../../../arm-none-eabi/lib/thumb/v7e-m/nofp\libc.a(lib_a-memset.o)
                              d:/toolchain/gcc-arm-none-eabi-9-2020-q2-update-win32/bin/../lib/gcc/arm-none-eabi/9.3.1/../../../../arm-none-eabi/lib/thumb/v7e-m/nofp/crt0.o (memset)
d:/toolchain/gcc-arm-none-eabi-9-2020-q2-update-win32/bin/../lib/gcc/arm-none-eabi/9.3.1/../../../../arm-none-eabi/lib/thumb/v7e-m/nofp\libc.a(lib_a-__call_atexit.o)
                              d:/toolchain/gcc-arm-none-eabi-9-2020-q2-update-win32/bin/../lib/gcc/arm-none-eabi/9.3.1/../../../../arm-none-eabi/lib/thumb/v7e-m/nofp\libc.a(lib_a-exit.o) (__call_exitprocs)
d:/toolchain/gcc-arm-none-eabi-9-2020-q2-update-win32/bin/../lib/gcc/arm-none-eabi/9.3.1/../../../../arm-none-eabi/lib/thumb/v7e-m/nofp\libc.a(lib_a-atexit.o)
                              d:/toolchain/gcc-arm-none-eabi-9-2020-q2-update-win32/bin/../lib/gcc/arm-none-eabi/9.3.1/../../../../arm-none-eabi/lib/thumb/v7e-m/nofp\libc.a(lib_a-__call_atexit.o) (atexit)
d:/toolchain/gcc-arm-none-eabi-9-2020-q2-update-win32/bin/../lib/gcc/arm-none-eabi/9.3.1/../../../../arm-none-eabi/lib/thumb/v7e-m/nofp\libc.a(lib_a-fini.o)
[...]
Memory Configuration

Name             Origin             Length             Attributes
FLASH            0x08000000         0x00020000         xr
RAM              0x20000000         0x00004000         xrw
*default*        0x00000000         0xffffffff

Linker script and memory map

LOAD d:/toolchain/gcc-arm-none-eabi-9-2020-q2-update-win32/bin/../lib/gcc/arm-none-eabi/9.3.1/thumb/v7e-m/nofp/crti.o
LOAD d:/toolchain/gcc-arm-none-eabi-9-2020-q2-update-win32/bin/../lib/gcc/arm-none-eabi/9.3.1/thumb/v7e-m/nofp/crtbegin.o
LOAD d:/toolchain/gcc-arm-none-eabi-9-2020-q2-update-win32/bin/../lib/gcc/arm-none-eabi/9.3.1/../../../../arm-none-eabi/lib/thumb/v7e-m/nofp/crt0.o
LOAD ./objects/printf-stdarg.o
LOAD ./objects/system_cm4.o
LOAD ./objects/startup_cm4.o
LOAD ./objects/tremo_adc.o
LOAD ./objects/tremo_bstimer.o
LOAD ./objects/tremo_crc.o
LOAD ./objects/tremo_dac.o
LOAD ./objects/tremo_delay.o
LOAD ./objects/tremo_dma.o
LOAD ./objects/tremo_flash.o
LOAD ./objects/tremo_gpio.o
LOAD ./objects/tremo_i2c.o
LOAD ./objects/tremo_i2s.o
LOAD ./objects/tremo_iwdg.o
LOAD ./objects/tremo_lcd.o
LOAD ./objects/tremo_lptimer.o
LOAD ./objects/tremo_lpuart.o
LOAD ./objects/tremo_pwr.o
LOAD ./objects/tremo_rcc.o
LOAD ./objects/tremo_rtc.o
LOAD ./objects/tremo_spi.o
LOAD ./objects/tremo_system.o
LOAD ./objects/tremo_timer.o
LOAD ./objects/tremo_uart.o
LOAD ./objects/tremo_wdg.o
LOAD ./objects/delay.o
LOAD ./objects/timer.o
LOAD ./objects/cmac.o
LOAD ./objects/radio.o
LOAD ./objects/sx126x.o
LOAD ./objects/rtc-board.o
LOAD ./objects/sx1262-board.o
LOAD ./objects/utilities.o
LOAD ./objects/main.o
LOAD ./objects/pingpong.o
LOAD ./objects/tremo_it.o
LOAD ./objects/ssbuf.o
LOAD ./objects/uart0.o
LOAD ../../../../../drivers/crypto/lib/libcrypto.a
START GROUP
LOAD d:/toolchain/gcc-arm-none-eabi-9-2020-q2-update-win32/bin/../lib/gcc/arm-none-eabi/9.3.1/thumb/v7e-m/nofp\libgcc.a
LOAD d:/toolchain/gcc-arm-none-eabi-9-2020-q2-update-win32/bin/../lib/gcc/arm-none-eabi/9.3.1/../../../../arm-none-eabi/lib/thumb/v7e-m/nofp\libc.a
END GROUP
LOAD d:/toolchain/gcc-arm-none-eabi-9-2020-q2-update-win32/bin/../lib/gcc/arm-none-eabi/9.3.1/thumb/v7e-m/nofp/crtend.o
LOAD d:/toolchain/gcc-arm-none-eabi-9-2020-q2-update-win32/bin/../lib/gcc/arm-none-eabi/9.3.1/thumb/v7e-m/nofp/crtn.o
                0x20004000                _estack = 0x20004000
                0x00000000                _HEAP_SIZE = 0x0
                0x00001000                _STACK_SIZE = 0x1000

.isr_vector     0x08000000       0xd4
                0x08000000                . = ALIGN (0x4)
 *(.isr_vector)
 .isr_vector    0x08000000       0xd4 ./objects/startup_cm4.o
                0x08000000                g_pfnVectors
                0x080000d4                . = ALIGN (0x4)

.text           0x080000d8     0x5154
                0x080000d8                . = ALIGN (0x4)
 *(.text)
 .text          0x080000d8       0x40 d:/toolchain/gcc-arm-none-eabi-9-2020-q2-update-win32/bin/../lib/gcc/arm-none-eabi/9.3.1/thumb/v7e-m/nofp/crtbegin.o
 .text          0x08000118      0x378 d:/toolchain/gcc-arm-none-eabi-9-2020-q2-update-win32/bin/../lib/gcc/arm-none-eabi/9.3.1/thumb/v7e-m/nofp\libgcc.a(_arm_addsubdf3.o)
                0x08000118                __aeabi_drsub
                0x08000120                __aeabi_dsub
                0x08000120                __subdf3
                0x08000124                __aeabi_dadd
                0x08000124                __adddf3
                0x0800039c                __floatunsidf
                0x0800039c                __aeabi_ui2d
                0x080003bc                __floatsidf
                0x080003bc                __aeabi_i2d
                0x080003e0                __aeabi_f2d
                0x080003e0                __extendsfdf2
                0x08000424                __floatundidf
                0x08000424                __aeabi_ul2d
                0x08000434                __floatdidf
                0x08000434                __aeabi_l2d
 .text          0x08000490      0x424 d:/toolchain/gcc-arm-none-eabi-9-2020-q2-update-win32/bin/../lib/gcc/arm-none-eabi/9.3.1/thumb/v7e-m/nofp\libgcc.a(_arm_muldivdf3.o)
                0x08000490                __aeabi_dmul
                0x08000490                __muldf3
                0x080006e4                __divdf3
                0x080006e4                __aeabi_ddiv
 .text          0x080008b4      0x110 d:/toolchain/gcc-arm-none-eabi-9-2020-q2-update-win32/bin/../lib/gcc/arm-none-eabi/9.3.1/thumb/v7e-m/nofp\libgcc.a(_arm_cmpdf2.o)
                0x080008b4                __gtdf2
                0x080008b4                __gedf2
                0x080008bc                __ltdf2
                0x080008bc                __ledf2
                0x080008c4                __nedf2
                0x080008c4                __eqdf2
                0x080008c4                __cmpdf2
                0x08000940                __aeabi_cdrcmple
                0x08000950                __aeabi_cdcmpeq
                0x08000950                __aeabi_cdcmple
                0x08000960                __aeabi_dcmpeq
                0x08000974                __aeabi_dcmplt
                0x08000988                __aeabi_dcmple
                0x0800099c                __aeabi_dcmpge
                0x080009b0                __aeabi_dcmpgt
 .text          0x080009c4       0x50 d:/toolchain/gcc-arm-none-eabi-9-2020-q2-update-win32/bin/../lib/gcc/arm-none-eabi/9.3.1/thumb/v7e-m/nofp\libgcc.a(_arm_fixdfsi.o)
                0x080009c4                __aeabi_d2iz
                0x080009c4                __fixdfsi
 .text          0x08000a14       0x40 d:/toolchain/gcc-arm-none-eabi-9-2020-q2-update-win32/bin/../lib/gcc/arm-none-eabi/9.3.1/thumb/v7e-m/nofp\libgcc.a(_arm_fixunsdfsi.o)
                0x08000a14                __aeabi_d2uiz
                0x08000a14                __fixunsdfsi
 .text          0x08000a54       0x30 d:/toolchain/gcc-arm-none-eabi-9-2020-q2-update-win32/bin/../lib/gcc/arm-none-eabi/9.3.1/thumb/v7e-m/nofp\libgcc.a(_aeabi_uldivmod.o)
                0x08000a54                __aeabi_uldivmod
 .text          0x08000a84       0x3c d:/toolchain/gcc-arm-none-eabi-9-2020-q2-update-win32/bin/../lib/gcc/arm-none-eabi/9.3.1/thumb/v7e-m/nofp\libgcc.a(_fixunsdfdi.o)
                0x08000a84                __fixunsdfdi
                0x08000a84                __aeabi_d2ulz
 .text          0x08000ac0      0x2c0 d:/toolchain/gcc-arm-none-eabi-9-2020-q2-update-win32/bin/../lib/gcc/arm-none-eabi/9.3.1/thumb/v7e-m/nofp\libgcc.a(_udivmoddi4.o)
                0x08000ac0                __udivmoddi4
 .text          0x08000d80        0x4 d:/toolchain/gcc-arm-none-eabi-9-2020-q2-update-win32/bin/../lib/gcc/arm-none-eabi/9.3.1/thumb/v7e-m/nofp\libgcc.a(_dvmd_tls.o)
                0x08000d80                __aeabi_idiv0
                0x08000d80                __aeabi_ldiv0
 .text          0x08000d84      0x134 d:/toolchain/gcc-arm-none-eabi-9-2020-q2-update-win32/bin/../lib/gcc/arm-none-eabi/9.3.1/../../../../arm-none-eabi/lib/thumb/v7e-m/nofp\libc.a(lib_a-memcpy.o)
                0x08000d84                memcpy
 *(.text*)
 .text._out_null
                0x08000eb8        0x2 ./objects/printf-stdarg.o
 .text._out_rev
                0x08000eba       0x96 ./objects/printf-stdarg.o
 .text._ntoa_format
                0x08000f50      0x10a ./objects/printf-stdarg.o
 .text._ntoa_long
                0x0800105a       0x82 ./objects/printf-stdarg.o
 .text._ntoa_long_long
                0x080010dc       0xa6 ./objects/printf-stdarg.o
 *fill*         0x08001182        0x2 
 .text._out_char
                0x08001184       0x10 ./objects/printf-stdarg.o
 *fill*         0x08001194        0x4 
 .text._ftoa    0x08001198      0x32c ./objects/printf-stdarg.o
 *fill*         0x080014c4        0x4 
 .text._etoa    0x080014c8      0x3b8 ./objects/printf-stdarg.o
 .text._vsnprintf
                0x08001880      0x550 ./objects/printf-stdarg.o
 .text.__wrap_printf
                0x08001dd0       0x28 ./objects/printf-stdarg.o
                0x08001dd0                __wrap_printf
 .text.nvic_init
                0x08001df8       0x24 ./objects/system_cm4.o
                0x08001df8                nvic_init
 .text.system_init
                0x08001e1c       0x44 ./objects/system_cm4.o
                0x08001e1c                system_init
 .text.Reset_Handler
                0x08001e60       0x48 ./objects/startup_cm4.o
                0x08001e60                Reset_Handler
 .text.Default_Handler
                0x08001ea8        0x2 ./objects/startup_cm4.o
                0x08001ea8                GPIO_IRQHandler
                0x08001ea8                SCC_IRQHandler
                0x08001ea8                TIMER2_IRQHandler
                0x08001ea8                EFC_IRQHandler
                0x08001ea8                I2C0_IRQHandler
                0x08001ea8                SAC_IRQHandler
                0x08001ea8                I2C1_IRQHandler
                0x08001ea8                UART1_IRQHandler
                0x08001ea8                BSTIMER0_IRQHandler
                0x08001ea8                TIMER3_IRQHandler
                0x08001ea8                SEC_IRQHandler
                0x08001ea8                WDG_IRQHandler
                0x08001ea8                LPTIMER1_IRQHandler
                0x08001ea8                LPTIMER0_IRQHandler
                0x08001ea8                SSP0_IRQHandler
                0x08001ea8                I2S_IRQHandler
                0x08001ea8                I2C2_IRQHandler
                0x08001ea8                TIMER0_IRQHandler
                0x08001ea8                LCD_IRQHandler
                0x08001ea8                LPUART_IRQHandler
                0x08001ea8                TIMER1_IRQHandler
                0x08001ea8                UART2_IRQHandler
                0x08001ea8                Default_Handler
                0x08001ea8                ADC_IRQHandler
                0x08001ea8                SSP1_IRQHandler
                0x08001ea8                DMA0_IRQHandler
                0x08001ea8                IWDG_IRQHandler
                0x08001ea8                SSP2_IRQHandler
                0x08001ea8                BSTIMER1_IRQHandler
                0x08001ea8                DAC_IRQHandler
                0x08001ea8                AFEC_IRQHandler
                0x08001ea8                UART3_IRQHandler
                0x08001ea8                QSPI_IRQHandler
                0x08001ea8                DMA1_IRQHandler
 *fill*         0x08001eaa        0x2 
 .text.delay_init
                0x08001eac       0x48 ./objects/tremo_delay.o
                0x08001eac                delay_init
 .text.delay_us
                0x08001ef4       0x30 ./objects/tremo_delay.o
                0x08001ef4                delay_us
 .text.delay_ms
                0x08001f24        0xa ./objects/tremo_delay.o
                0x08001f24                delay_ms
 *fill*         0x08001f2e        0x2 
 .text.gpio_init
                0x08001f30      0x128 ./objects/tremo_gpio.o
                0x08001f30                gpio_init
 .text.gpio_set_iomux
                0x08002058       0x40 ./objects/tremo_gpio.o
                0x08002058                gpio_set_iomux
 .text.pwr_xo32k_lpm_cmd
                0x08002098       0x18 ./objects/tremo_pwr.o
                0x08002098                pwr_xo32k_lpm_cmd
 .text.rcc_get_clk_freq
                0x080020b0       0x9c ./objects/tremo_rcc.o
                0x080020b0                rcc_get_clk_freq
 .text.rcc_get_uart0_clk_source
                0x0800214c        0xc ./objects/tremo_rcc.o
                0x0800214c                rcc_get_uart0_clk_source
 .text.rcc_get_uart1_clk_source
                0x08002158        0xc ./objects/tremo_rcc.o
                0x08002158                rcc_get_uart1_clk_source
 .text.rcc_get_uart2_clk_source
                0x08002164        0xc ./objects/tremo_rcc.o
                0x08002164                rcc_get_uart2_clk_source
 .text.rcc_get_uart3_clk_source
                0x08002170        0xc ./objects/tremo_rcc.o
                0x08002170                rcc_get_uart3_clk_source
 .text.rcc_get_rtc_clk_source
                0x0800217c        0xc ./objects/tremo_rcc.o
                0x0800217c                rcc_get_rtc_clk_source
 .text.rcc_enable_peripheral_clk
                0x08002188      0x4b4 ./objects/tremo_rcc.o
                0x08002188                rcc_enable_peripheral_clk
 .text.rcc_enable_oscillator
                0x0800263c       0xfc ./objects/tremo_rcc.o
                0x0800263c                rcc_enable_oscillator
 .text.rcc_rst_peripheral
                0x08002738       0x4a ./objects/tremo_rcc.o
                0x08002738                rcc_rst_peripheral
 .text.rtc_deinit
                0x08002782       0x1e ./objects/tremo_rtc.o
                0x08002782                rtc_deinit
 .text.rtc_check_syn
                0x080027a0       0x14 ./objects/tremo_rtc.o
                0x080027a0                rtc_check_syn
 .text.rtc_calendar_cmd
                0x080027b4       0x20 ./objects/tremo_rtc.o
                0x080027b4                rtc_calendar_cmd
 .text.rtc_cyc_cmd
                0x080027d4       0x20 ./objects/tremo_rtc.o
                0x080027d4                rtc_cyc_cmd
 .text.rtc_config_cyc_wakeup
                0x080027f4       0x24 ./objects/tremo_rtc.o
                0x080027f4                rtc_config_cyc_wakeup
 .text.rtc_get_calendar
                0x08002818       0xdc ./objects/tremo_rtc.o
                0x08002818                rtc_get_calendar
 .text.rtc_set_status
                0x080028f4       0x30 ./objects/tremo_rtc.o
                0x080028f4                rtc_set_status
 .text.rtc_get_status
                0x08002924       0x38 ./objects/tremo_rtc.o
                0x08002924                rtc_get_status
 .text.rtc_config_interrupt
                0x0800295c       0x38 ./objects/tremo_rtc.o
                0x0800295c                rtc_config_interrupt
 .text.rtc_config_cyc_max
                0x08002994       0x14 ./objects/tremo_rtc.o
                0x08002994                rtc_config_cyc_max
 .text.uart_get_flag_status
                0x080029a8        0xc ./objects/tremo_uart.o
                0x080029a8                uart_get_flag_status
 .text.uart_send_data
                0x080029b4        0xa ./objects/tremo_uart.o
                0x080029b4                uart_send_data
 .text.uart_receive_data
                0x080029be        0xc ./objects/tremo_uart.o
                0x080029be                uart_receive_data
 .text.uart_config_interrupt
                0x080029ca       0x10 ./objects/tremo_uart.o
                0x080029ca                uart_config_interrupt
 .text.uart_config_init
                0x080029da       0x16 ./objects/tremo_uart.o
                0x080029da                uart_config_init
 .text.uart_cmd
                0x080029f0       0x12 ./objects/tremo_uart.o
                0x080029f0                uart_cmd
 .text.uart_get_interrupt_status
                0x08002a02        0xc ./objects/tremo_uart.o
                0x08002a02                uart_get_interrupt_status
 .text.uart_clear_interrupt
                0x08002a0e        0x4 ./objects/tremo_uart.o
                0x08002a0e                uart_clear_interrupt
 *fill*         0x08002a12        0x2 
 .text.uart_init
                0x08002a14      0x140 ./objects/tremo_uart.o
                0x08002a14                uart_init
 .text.DelayMs  0x08002b54        0x4 ./objects/delay.o
                0x08002b54                DelayMs
 .text.TimeStampsUpdate
                0x08002b58       0x2c ./objects/timer.o
 .text.TimerInsertNewHeadTimer
                0x08002b84       0x1c ./objects/timer.o
 .text.TimerInit
                0x08002ba0        0xe ./objects/timer.o
                0x08002ba0                TimerInit
 *fill*         0x08002bae        0x2 
 .text.TimerStart
                0x08002bb0       0x78 ./objects/timer.o
                0x08002bb0                TimerStart
 .text.TimerIrqHandler
                0x08002c28       0x68 ./objects/timer.o
                0x08002c28                TimerIrqHandler
 .text.TimerStop
                0x08002c90       0x60 ./objects/timer.o
                0x08002c90                TimerStop
 .text.TimerSetValue
                0x08002cf0       0x10 ./objects/timer.o
                0x08002cf0                TimerSetValue
 .text.TimerGetCurrentTime
                0x08002d00       0x18 ./objects/timer.o
                0x08002d00                TimerGetCurrentTime
 .text.TimerGetElapsedTime
                0x08002d18       0x12 ./objects/timer.o
                0x08002d18                TimerGetElapsedTime
 .text.RadioCheckRfFrequency
                0x08002d2a        0x4 ./objects/radio.o
                0x08002d2a                RadioCheckRfFrequency
 *fill*         0x08002d2e        0x2 
 .text.RadioOnTxTimeoutIrq
                0x08002d30       0x14 ./objects/radio.o
                0x08002d30                RadioOnTxTimeoutIrq
 .text.RadioOnRxTimeoutIrq
                0x08002d44       0x14 ./objects/radio.o
                0x08002d44                RadioOnRxTimeoutIrq
 .text.RadioStandby
                0x08002d58        0x6 ./objects/radio.o
                0x08002d58                RadioStandby
 *fill*         0x08002d5e        0x2 
 .text.RadioInit
                0x08002d60       0x6c ./objects/radio.o
                0x08002d60                RadioInit
 .text.RadioGetStatus
                0x08002dcc       0x18 ./objects/radio.o
                0x08002dcc                RadioGetStatus
 .text.RadioSetChannel
                0x08002de4        0x4 ./objects/radio.o
                0x08002de4                RadioSetChannel
 .text.RadioRssi
                0x08002de8        0xa ./objects/radio.o
                0x08002de8                RadioRssi
 .text.RadioSyncWord
                0x08002df2       0x14 ./objects/radio.o
                0x08002df2                RadioSyncWord
 .text.RadioRead
                0x08002e06        0x4 ./objects/radio.o
                0x08002e06                RadioRead
 .text.RadioWrite
                0x08002e0a        0x4 ./objects/radio.o
                0x08002e0a                RadioWrite
 *fill*         0x08002e0e        0x2 
 .text.RadioSend
                0x08002e10       0x54 ./objects/radio.o
                0x08002e10                RadioSend
 .text.RadioSleep
                0x08002e64       0x14 ./objects/radio.o
                0x08002e64                RadioSleep
 .text.RadioSetRxDutyCycle
                0x08002e78        0x4 ./objects/radio.o
                0x08002e78                RadioSetRxDutyCycle
 .text.RadioStartCad
                0x08002e7c       0x6c ./objects/radio.o
                0x08002e7c                RadioStartCad
 .text.RadioSetTxContinuousWave
                0x08002ee8       0x4c ./objects/radio.o
                0x08002ee8                RadioSetTxContinuousWave
 .text.RadioWriteBuffer
                0x08002f34        0x4 ./objects/radio.o
                0x08002f34                RadioWriteBuffer
 .text.RadioReadBuffer
                0x08002f38        0x4 ./objects/radio.o
                0x08002f38                RadioReadBuffer
 .text.RadioGetWakeupTime
                0x08002f3c        0xa ./objects/radio.o
                0x08002f3c                RadioGetWakeupTime
 *fill*         0x08002f46        0x2 
 .text.RadioOnCadTimeoutIrq
                0x08002f48       0x20 ./objects/radio.o
                0x08002f48                RadioOnCadTimeoutIrq
 .text.RadioGetFskBandwidthRegValue
                0x08002f68       0x34 ./objects/radio.o
 .text.RadioSetMaxPayloadLength
                0x08002f9c       0x28 ./objects/radio.o
                0x08002f9c                RadioSetMaxPayloadLength
 .text.RadioRx  0x08002fc4       0x44 ./objects/radio.o
                0x08002fc4                RadioRx
 .text.RadioRxBoosted
                0x08003008       0x40 ./objects/radio.o
                0x08003008                RadioRxBoosted
 .text.RadioIrqProcess
                0x08003048      0x160 ./objects/radio.o
                0x08003048                RadioIrqProcess
 .text.RadioSetPublicNetwork
                0x080031a8       0x3c ./objects/radio.o
                0x080031a8                RadioSetPublicNetwork
 .text.RadioSetModem.part.0
                0x080031e4       0x24 ./objects/radio.o
 .text.RadioSetModem
                0x08003208       0x20 ./objects/radio.o
                0x08003208                RadioSetModem
 .text.RadioIsChannelFree
                0x08003228       0x4e ./objects/radio.o
                0x08003228                RadioIsChannelFree
 .text.RadioRandom
                0x08003276       0x3c ./objects/radio.o
                0x08003276                RadioRandom
 *fill*         0x080032b2        0x2 
 .text.RadioSymbTime
                0x080032b4       0x2c ./objects/radio.o
                0x080032b4                RadioSymbTime
 .text.RadioSetRxConfig
                0x080032e0      0x21c ./objects/radio.o
                0x080032e0                RadioSetRxConfig
 *fill*         0x080034fc        0x4 
 .text.RadioSetTxConfig
                0x08003500      0x198 ./objects/radio.o
                0x08003500                RadioSetTxConfig
 .text.RadioTimeOnAir
                0x08003698      0x190 ./objects/radio.o
                0x08003698                RadioTimeOnAir
 .text.RadioOnDioIrq
                0x08003828       0x24 ./objects/radio.o
                0x08003828                RadioOnDioIrq
 .text.SX126xGetOperatingMode
                0x0800384c        0xc ./objects/sx126x.o
                0x0800384c                SX126xGetOperatingMode
 .text.SX126xSetOperatingMode
                0x08003858        0xc ./objects/sx126x.o
                0x08003858                SX126xSetOperatingMode
 .text.SX126xCheckDeviceReady
                0x08003864       0x38 ./objects/sx126x.o
                0x08003864                SX126xCheckDeviceReady
 .text.SX126xSetPayload
                0x0800389c        0xa ./objects/sx126x.o
                0x0800389c                SX126xSetPayload
 .text.SX126xSetSyncWord
                0x080038a6       0x10 ./objects/sx126x.o
                0x080038a6                SX126xSetSyncWord
 *fill*         0x080038b6        0x2 
 .text.SX126xSetCrcSeed
                0x080038b8       0x24 ./objects/sx126x.o
                0x080038b8                SX126xSetCrcSeed
 .text.SX126xSetCrcPolynomial
                0x080038dc       0x24 ./objects/sx126x.o
                0x080038dc                SX126xSetCrcPolynomial
 .text.SX126xSetWhiteningSeed
                0x08003900       0x38 ./objects/sx126x.o
                0x08003900                SX126xSetWhiteningSeed
 .text.SX126xSetSleep
                0x08003938       0x24 ./objects/sx126x.o
                0x08003938                SX126xSetSleep
 .text.SX126xSetStandby
                0x0800395c       0x2c ./objects/sx126x.o
                0x0800395c                SX126xSetStandby
 .text.SX126xSetTx
                0x08003988       0x2c ./objects/sx126x.o
                0x08003988                SX126xSetTx
 .text.SX126xSendPayload
                0x080039b4       0x12 ./objects/sx126x.o
                0x080039b4                SX126xSendPayload
 *fill*         0x080039c6        0x2 
 .text.SX126xSetRx
                0x080039c8       0x2c ./objects/sx126x.o
                0x080039c8                SX126xSetRx
 .text.SX126xSetRxBoosted
                0x080039f4       0x38 ./objects/sx126x.o
                0x080039f4                SX126xSetRxBoosted
 .text.SX126xSetRxDutyCycle
                0x08003a2c       0x38 ./objects/sx126x.o
                0x08003a2c                SX126xSetRxDutyCycle
 .text.SX126xSetCad
                0x08003a64       0x18 ./objects/sx126x.o
                0x08003a64                SX126xSetCad
 .text.SX126xSetTxContinuousWave
                0x08003a7c        0xa ./objects/sx126x.o
                0x08003a7c                SX126xSetTxContinuousWave
 .text.SX126xSetStopRxTimerOnPreambleDetect
                0x08003a86       0x18 ./objects/sx126x.o
                0x08003a86                SX126xSetStopRxTimerOnPreambleDetect
 .text.SX126xSetLoRaSymbNumTimeout
                0x08003a9e       0x18 ./objects/sx126x.o
                0x08003a9e                SX126xSetLoRaSymbNumTimeout
 .text.SX126xSetRegulatorMode
                0x08003ab6       0x18 ./objects/sx126x.o
                0x08003ab6                SX126xSetRegulatorMode
 *fill*         0x08003ace        0x2 
 .text.SX126xCalibrateImage
                0x08003ad0       0x64 ./objects/sx126x.o
                0x08003ad0                SX126xCalibrateImage
 .text.SX126xSetPaConfig
                0x08003b34       0x24 ./objects/sx126x.o
                0x08003b34                SX126xSetPaConfig
 .text.SX126xSetDioIrqParams
                0x08003b58       0x2a ./objects/sx126x.o
                0x08003b58                SX126xSetDioIrqParams
 .text.SX126xGetIrqStatus
                0x08003b82       0x1e ./objects/sx126x.o
                0x08003b82                SX126xGetIrqStatus
 .text.SX126xSetDio2AsRfSwitchCtrl
                0x08003ba0       0x18 ./objects/sx126x.o
                0x08003ba0                SX126xSetDio2AsRfSwitchCtrl
 .text.SX126xInit
                0x08003bb8       0x28 ./objects/sx126x.o
                0x08003bb8                SX126xInit
 .text.SX126xSetRfFrequency
                0x08003be0       0x4c ./objects/sx126x.o
                0x08003be0                SX126xSetRfFrequency
 .text.SX126xSetPacketType
                0x08003c2c       0x20 ./objects/sx126x.o
                0x08003c2c                SX126xSetPacketType
 .text.SX126xGetPacketType
                0x08003c4c        0xc ./objects/sx126x.o
                0x08003c4c                SX126xGetPacketType
 .text.SX126xSetTxParams
                0x08003c58       0xbc ./objects/sx126x.o
                0x08003c58                SX126xSetTxParams
 *fill*         0x08003d14        0x4 
 .text.SX126xSetModulationParams
                0x08003d18       0xb4 ./objects/sx126x.o
                0x08003d18                SX126xSetModulationParams
 .text.SX126xSetPacketParams
                0x08003dcc       0xac ./objects/sx126x.o
                0x08003dcc                SX126xSetPacketParams
 .text.SX126xSetCadParams
                0x08003e78       0x3c ./objects/sx126x.o
                0x08003e78                SX126xSetCadParams
 .text.SX126xSetBufferBaseAddress
                0x08003eb4       0x1a ./objects/sx126x.o
                0x08003eb4                SX126xSetBufferBaseAddress
 .text.SX126xGetRssiInst
                0x08003ece       0x1a ./objects/sx126x.o
                0x08003ece                SX126xGetRssiInst
 .text.SX126xGetRxBufferStatus
                0x08003ee8       0x48 ./objects/sx126x.o
                0x08003ee8                SX126xGetRxBufferStatus
 .text.SX126xGetPayload
                0x08003f30       0x32 ./objects/sx126x.o
                0x08003f30                SX126xGetPayload
 *fill*         0x08003f62        0x2 
 .text.SX126xGetPacketStatus
                0x08003f64       0x80 ./objects/sx126x.o
                0x08003f64                SX126xGetPacketStatus
 .text.SX126xClearIrqStatus
                0x08003fe4       0x18 ./objects/sx126x.o
                0x08003fe4                SX126xClearIrqStatus
 .text.RtcInit  0x08003ffc       0x30 ./objects/rtc-board.o
                0x08003ffc                RtcInit
 .text.RtcSetTimeout
                0x0800402c       0x8c ./objects/rtc-board.o
                0x0800402c                RtcSetTimeout
 .text.RtcStopTimeout
                0x080040b8       0x14 ./objects/rtc-board.o
                0x080040b8                RtcStopTimeout
 .text.RtcGetTimerContext
                0x080040cc        0xc ./objects/rtc-board.o
                0x080040cc                RtcGetTimerContext
 .text.RtcGetTimerValue
                0x080040d8      0x120 ./objects/rtc-board.o
                0x080040d8                RtcGetTimerValue
 .text.RtcSetTimerContext
                0x080041f8       0x18 ./objects/rtc-board.o
                0x080041f8                RtcSetTimerContext
 .text.RtcGetElapsedTime
                0x08004210       0x18 ./objects/rtc-board.o
                0x08004210                RtcGetElapsedTime
 .text.RtcOnIrq
                0x08004228       0x32 ./objects/rtc-board.o
                0x08004228                RtcOnIrq
 .text.BoardDisableIrq
                0x0800425a        0x4 ./objects/sx1262-board.o
                0x0800425a                BoardDisableIrq
 .text.BoardEnableIrq
                0x0800425e        0x4 ./objects/sx1262-board.o
                0x0800425e                BoardEnableIrq
 *fill*         0x08004262        0x2 
 .text.SpiInOut
                0x08004264       0x18 ./objects/sx1262-board.o
                0x08004264                SpiInOut
 .text.SX126xLoracInit
                0x0800427c       0x5c ./objects/sx1262-board.o
                0x0800427c                SX126xLoracInit
 .text.SX126xGetBoardTcxoWakeupTime
                0x080042d8        0x4 ./objects/sx1262-board.o
                0x080042d8                SX126xGetBoardTcxoWakeupTime
 .text.SX126xReset
                0x080042dc       0x40 ./objects/sx1262-board.o
                0x080042dc                SX126xReset
 .text.SX126xWaitOnBusy
                0x0800431c       0x18 ./objects/sx1262-board.o
                0x0800431c                SX126xWaitOnBusy
 .text.SX126xWakeup
                0x08004334       0x30 ./objects/sx1262-board.o
                0x08004334                SX126xWakeup
 .text.SX126xWriteCommand
                0x08004364       0x44 ./objects/sx1262-board.o
                0x08004364                SX126xWriteCommand
 .text.SX126xReadCommand
                0x080043a8       0x48 ./objects/sx1262-board.o
                0x080043a8                SX126xReadCommand
 .text.SX126xWriteRegisters
                0x080043f0       0x48 ./objects/sx1262-board.o
                0x080043f0                SX126xWriteRegisters
 .text.SX126xWriteRegister
                0x08004438       0x16 ./objects/sx1262-board.o
                0x08004438                SX126xWriteRegister
 *fill*         0x0800444e        0x2 
 .text.SX126xReadRegisters
                0x08004450       0x50 ./objects/sx1262-board.o
                0x08004450                SX126xReadRegisters
 .text.SX126xReadRegister
                0x080044a0       0x16 ./objects/sx1262-board.o
                0x080044a0                SX126xReadRegister
 *fill*         0x080044b6        0x2 
 .text.SX126xWriteBuffer
                0x080044b8       0x48 ./objects/sx1262-board.o
                0x080044b8                SX126xWriteBuffer
 .text.SX126xReadBuffer
                0x08004500       0x50 ./objects/sx1262-board.o
                0x08004500                SX126xReadBuffer
 .text.SX126xSetRfTxPower
                0x08004550        0x6 ./objects/sx1262-board.o
                0x08004550                SX126xSetRfTxPower
 .text.SX126xGetPaSelect
                0x08004556        0x4 ./objects/sx1262-board.o
                0x08004556                SX126xGetPaSelect
 *fill*         0x0800455a        0x2 
 .text.SX126xAntSwOn
                0x0800455c       0x10 ./objects/sx1262-board.o
                0x0800455c                SX126xAntSwOn
 .text.SX126xAntSwOff
                0x0800456c       0x10 ./objects/sx1262-board.o
                0x0800456c                SX126xAntSwOff
 .text.rand1    0x0800457c       0x28 ./objects/utilities.o
                0x0800457c                rand1
 .text.board_init
                0x080045a4       0x72 ./objects/main.o
                0x080045a4                board_init
 .text.startup.main
                0x08004616        0xe ./objects/main.o
                0x08004616                main
 .text.OnTxDone
                0x08004624       0x18 ./objects/pingpong.o
                0x08004624                OnTxDone
 .text.OnTxTimeout
                0x0800463c       0x18 ./objects/pingpong.o
                0x0800463c                OnTxTimeout
 .text.OnRxTimeout
                0x08004654       0x18 ./objects/pingpong.o
                0x08004654                OnRxTimeout
 .text.OnRxError
                0x0800466c       0x18 ./objects/pingpong.o
                0x0800466c                OnRxError
 .text.OnRxDone
                0x08004684       0x3c ./objects/pingpong.o
                0x08004684                OnRxDone
 .text.gateway_init
                0x080046c0       0xac ./objects/pingpong.o
                0x080046c0                gateway_init
 .text.gateway_app_main
                0x0800476c      0x128 ./objects/pingpong.o
                0x0800476c                gateway_app_main
 .text.NMI_Handler
                0x08004894        0x2 ./objects/tremo_it.o
                0x08004894                NMI_Handler
 .text.HardFault_Handler
                0x08004896        0x2 ./objects/tremo_it.o
                0x08004896                HardFault_Handler
 .text.MemManage_Handler
                0x08004898        0x2 ./objects/tremo_it.o
                0x08004898                MemManage_Handler
 .text.BusFault_Handler
                0x0800489a        0x2 ./objects/tremo_it.o
                0x0800489a                BusFault_Handler
 .text.UsageFault_Handler
                0x0800489c        0x2 ./objects/tremo_it.o
                0x0800489c                UsageFault_Handler
 .text.SVC_Handler
                0x0800489e        0x2 ./objects/tremo_it.o
                0x0800489e                SVC_Handler
 .text.PendSV_Handler
                0x080048a0        0x2 ./objects/tremo_it.o
                0x080048a0                PendSV_Handler
 .text.SysTick_Handler
                0x080048a2        0x2 ./objects/tremo_it.o
                0x080048a2                SysTick_Handler
 .text.PWR_IRQHandler
                0x080048a4        0x2 ./objects/tremo_it.o
                0x080048a4                PWR_IRQHandler
 .text.LORA_IRQHandler
                0x080048a6        0x4 ./objects/tremo_it.o
                0x080048a6                LORA_IRQHandler
 .text.RTC_IRQHandler
                0x080048aa        0x4 ./objects/tremo_it.o
                0x080048aa                RTC_IRQHandler
 *fill*         0x080048ae        0x2 
 .text.gate_save_init
                0x080048b0       0x2c ./objects/ssbuf.o
                0x080048b0                gate_save_init
 .text.IN_save  0x080048dc      0x120 ./objects/ssbuf.o
                0x080048dc                IN_save
 .text.EN_read  0x080049fc       0xd4 ./objects/ssbuf.o
                0x080049fc                EN_read
 .text.uart0_log_init
                0x08004ad0       0x6c ./objects/uart0.o
                0x08004ad0                uart0_log_init
 .text.send_byte
                0x08004b3c       0x20 ./objects/uart0.o
                0x08004b3c                send_byte
 .text.uart0_recevice
                0x08004b5c      0x104 ./objects/uart0.o
                0x08004b5c                uart0_recevice
 .text.UART0_IRQHandler
                0x08004c60       0x44 ./objects/uart0.o
                0x08004c60                UART0_IRQHandler
 .text.__libc_init_array
                0x08004ca4       0x48 d:/toolchain/gcc-arm-none-eabi-9-2020-q2-update-win32/bin/../lib/gcc/arm-none-eabi/9.3.1/../../../../arm-none-eabi/lib/thumb/v7e-m/nofp\libc.a(lib_a-init.o)
                0x08004ca4                __libc_init_array
 .text.memset   0x08004cec       0xa0 d:/toolchain/gcc-arm-none-eabi-9-2020-q2-update-win32/bin/../lib/gcc/arm-none-eabi/9.3.1/../../../../arm-none-eabi/lib/thumb/v7e-m/nofp\libc.a(lib_a-memset.o)
                0x08004cec                memset
 .text.startup.register_fini
                0x08004d8c       0x14 d:/toolchain/gcc-arm-none-eabi-9-2020-q2-update-win32/bin/../lib/gcc/arm-none-eabi/9.3.1/../../../../arm-none-eabi/lib/thumb/v7e-m/nofp\libc.a(lib_a-__call_atexit.o)
 .text.atexit   0x08004da0        0xc d:/toolchain/gcc-arm-none-eabi-9-2020-q2-update-win32/bin/../lib/gcc/arm-none-eabi/9.3.1/../../../../arm-none-eabi/lib/thumb/v7e-m/nofp\libc.a(lib_a-atexit.o)
                0x08004da0                atexit
 .text.__libc_fini_array
                0x08004dac       0x2c d:/toolchain/gcc-arm-none-eabi-9-2020-q2-update-win32/bin/../lib/gcc/arm-none-eabi/9.3.1/../../../../arm-none-eabi/lib/thumb/v7e-m/nofp\libc.a(lib_a-fini.o)
                0x08004dac                __libc_fini_array
 .text.__retarget_lock_acquire_recursive
                0x08004dd8        0x4 d:/toolchain/gcc-arm-none-eabi-9-2020-q2-update-win32/bin/../lib/gcc/arm-none-eabi/9.3.1/../../../../arm-none-eabi/lib/thumb/v7e-m/nofp\libc.a(lib_a-lock.o)
                0x08004dd8                __retarget_lock_acquire_recursive
 .text.__retarget_lock_release_recursive
                0x08004ddc        0x4 d:/toolchain/gcc-arm-none-eabi-9-2020-q2-update-win32/bin/../lib/gcc/arm-none-eabi/9.3.1/../../../../arm-none-eabi/lib/thumb/v7e-m/nofp\libc.a(lib_a-lock.o)
                0x08004ddc                __retarget_lock_release_recursive
 .text.__register_exitproc
                0x08004de0       0x8c d:/toolchain/gcc-arm-none-eabi-9-2020-q2-update-win32/bin/../lib/gcc/arm-none-eabi/9.3.1/../../../../arm-none-eabi/lib/thumb/v7e-m/nofp\libc.a(lib_a-__atexit.o)
                0x08004de0                __register_exitproc
 *fill*         0x08004e6c        0x4 
 .text.ceil     0x08004e70       0xf8 d:/toolchain/gcc-arm-none-eabi-9-2020-q2-update-win32/bin/../lib/gcc/arm-none-eabi/9.3.1/../../../../arm-none-eabi/lib/thumb/v7e-m/nofp\libm.a(lib_a-s_ceil.o)
                0x08004e70                ceil
 .text.floor    0x08004f68       0xf8 d:/toolchain/gcc-arm-none-eabi-9-2020-q2-update-win32/bin/../lib/gcc/arm-none-eabi/9.3.1/../../../../arm-none-eabi/lib/thumb/v7e-m/nofp\libm.a(lib_a-s_floor.o)
                0x08004f68                floor
 .text.rint     0x08005060      0x120 d:/toolchain/gcc-arm-none-eabi-9-2020-q2-update-win32/bin/../lib/gcc/arm-none-eabi/9.3.1/../../../../arm-none-eabi/lib/thumb/v7e-m/nofp\libm.a(lib_a-s_rint.o)
                0x08005060                rint
 .text.round    0x08005180       0x94 d:/toolchain/gcc-arm-none-eabi-9-2020-q2-update-win32/bin/../lib/gcc/arm-none-eabi/9.3.1/../../../../arm-none-eabi/lib/thumb/v7e-m/nofp\libm.a(lib_a-s_round.o)
                0x08005180                round
 *(.glue_7)
 .glue_7        0x08005214        0x0 linker stubs
 *(.glue_7t)
 .glue_7t       0x08005214        0x0 linker stubs
 *(.eh_frame)
 .eh_frame      0x08005214        0x0 d:/toolchain/gcc-arm-none-eabi-9-2020-q2-update-win32/bin/../lib/gcc/arm-none-eabi/9.3.1/thumb/v7e-m/nofp/crtbegin.o
 *(.init)
 .init          0x08005214        0x4 d:/toolchain/gcc-arm-none-eabi-9-2020-q2-update-win32/bin/../lib/gcc/arm-none-eabi/9.3.1/thumb/v7e-m/nofp/crti.o
                0x08005214                _init
 .init          0x08005218        0x8 d:/toolchain/gcc-arm-none-eabi-9-2020-q2-update-win32/bin/../lib/gcc/arm-none-eabi/9.3.1/thumb/v7e-m/nofp/crtn.o
 *(.fini)
 .fini          0x08005220        0x4 d:/toolchain/gcc-arm-none-eabi-9-2020-q2-update-win32/bin/../lib/gcc/arm-none-eabi/9.3.1/thumb/v7e-m/nofp/crti.o
                0x08005220                _fini
 .fini          0x08005224        0x8 d:/toolchain/gcc-arm-none-eabi-9-2020-q2-update-win32/bin/../lib/gcc/arm-none-eabi/9.3.1/thumb/v7e-m/nofp/crtn.o
                0x0800522c                . = ALIGN (0x4)
                0x0800522c                _etext = .

.vfp11_veneer   0x0800522c        0x0
 .vfp11_veneer  0x0800522c        0x0 linker stubs

.v4_bx          0x0800522c        0x0
 .v4_bx         0x0800522c        0x0 linker stubs

.iplt           0x0800522c        0x0
 .iplt          0x0800522c        0x0 d:/toolchain/gcc-arm-none-eabi-9-2020-q2-update-win32/bin/../lib/gcc/arm-none-eabi/9.3.1/thumb/v7e-m/nofp/crtbegin.o

.rodata         0x08005230      0x358
                0x08005230                . = ALIGN (0x4)
 *(.rodata)
 .rodata        0x08005230       0x50 ./objects/printf-stdarg.o
 .rodata        0x08005280        0xc ./objects/tremo_uart.o
 *fill*         0x0800528c        0x4 
 .rodata        0x08005290      0x18c ./objects/radio.o
                0x08005290                FskBandwidths
                0x080053a0                Bandwidths
                0x080053ac                Radio
 .rodata        0x0800541c       0x11 ./objects/sx126x.o
 .rodata        0x0800542d       0x18 ./objects/rtc-board.o
 *(.rodata*)
 .rodata.str1.1
                0x08005445       0x19 ./objects/printf-stdarg.o
 .rodata.str1.1
                0x0800545e       0x29 ./objects/pingpong.o
 .rodata.str1.1
                0x08005487       0xb8 ./objects/ssbuf.o
 .rodata.str1.1
                0x0800553f       0x33 ./objects/uart0.o
 *fill*         0x08005572        0x2 
 .rodata._global_impure_ptr
                0x08005574        0x4 d:/toolchain/gcc-arm-none-eabi-9-2020-q2-update-win32/bin/../lib/gcc/arm-none-eabi/9.3.1/../../../../arm-none-eabi/lib/thumb/v7e-m/nofp\libc.a(lib_a-impure.o)
                0x08005574                _global_impure_ptr
 .rodata.TWO52  0x08005578       0x10 d:/toolchain/gcc-arm-none-eabi-9-2020-q2-update-win32/bin/../lib/gcc/arm-none-eabi/9.3.1/../../../../arm-none-eabi/lib/thumb/v7e-m/nofp\libm.a(lib_a-s_rint.o)
                0x08005588                . = ALIGN (0x4)

.ARM.extab
 *(.ARM.extab* .gnu.linkonce.armextab.*)

.ARM            0x08005588        0x8
                0x08005588                __exidx_start = .
 *(.ARM.exidx*)
 .ARM.exidx     0x08005588        0x8 d:/toolchain/gcc-arm-none-eabi-9-2020-q2-update-win32/bin/../lib/gcc/arm-none-eabi/9.3.1/thumb/v7e-m/nofp\libgcc.a(_udivmoddi4.o)
                0x08005590                __exidx_end = .

.rel.dyn        0x08005590        0x0
 .rel.iplt      0x08005590        0x0 d:/toolchain/gcc-arm-none-eabi-9-2020-q2-update-win32/bin/../lib/gcc/arm-none-eabi/9.3.1/thumb/v7e-m/nofp/crtbegin.o

.preinit_array  0x08005590        0x0
                0x08005590                PROVIDE (__preinit_array_start = .)
 *(.preinit_array*)
                0x08005590                PROVIDE (__preinit_array_end = .)

.init_array     0x08005590        0x8
                0x08005590                PROVIDE (__init_array_start = .)
 *(SORT_BY_NAME(.init_array.*))
 .init_array.00000
                0x08005590        0x4 d:/toolchain/gcc-arm-none-eabi-9-2020-q2-update-win32/bin/../lib/gcc/arm-none-eabi/9.3.1/../../../../arm-none-eabi/lib/thumb/v7e-m/nofp\libc.a(lib_a-__call_atexit.o)
 *(.init_array*)
 .init_array    0x08005594        0x4 d:/toolchain/gcc-arm-none-eabi-9-2020-q2-update-win32/bin/../lib/gcc/arm-none-eabi/9.3.1/thumb/v7e-m/nofp/crtbegin.o
                0x08005598                PROVIDE (__init_array_end = .)

.fini_array     0x08005598        0x4
                0x08005598                PROVIDE (__fini_array_start = .)
 *(SORT_BY_NAME(.fini_array.*))
 *(.fini_array*)
 .fini_array    0x08005598        0x4 d:/toolchain/gcc-arm-none-eabi-9-2020-q2-update-win32/bin/../lib/gcc/arm-none-eabi/9.3.1/thumb/v7e-m/nofp/crtbegin.o
                0x0800559c                PROVIDE (__fini_array_end = .)
                0x0800559c                _sidata = LOADADDR (.data)

.data           0x20000000      0x444 load address 0x0800559c
                0x20000000                . = ALIGN (0x4)
                0x20000000                _sdata = .
 *(.data)
 .data          0x20000000        0x1 ./objects/radio.o
                0x20000000                MaxPayloadLength
 *fill*         0x20000001        0x3 
 .data          0x20000004        0x4 ./objects/utilities.o
 .data          0x20000008        0x2 ./objects/pingpong.o
                0x20000008                BufferSize
 *fill*         0x2000000a        0x2 
 .data          0x2000000c        0xc ./objects/ssbuf.o
                0x2000000c                EN
                0x20000010                M2
 *(.data*)
 .data.impure_data
                0x20000018      0x428 d:/toolchain/gcc-arm-none-eabi-9-2020-q2-update-win32/bin/../lib/gcc/arm-none-eabi/9.3.1/../../../../arm-none-eabi/lib/thumb/v7e-m/nofp\libc.a(lib_a-impure.o)
 .data.__atexit_recursive_mutex
                0x20000440        0x4 d:/toolchain/gcc-arm-none-eabi-9-2020-q2-update-win32/bin/../lib/gcc/arm-none-eabi/9.3.1/../../../../arm-none-eabi/lib/thumb/v7e-m/nofp\libc.a(lib_a-__call_atexit.o)
                0x20000440                __atexit_recursive_mutex
                0x20000444                . = ALIGN (0x4)
                0x20000444                _edata = .

.igot.plt       0x20000444        0x0 load address 0x080059e0
 .igot.plt      0x20000444        0x0 d:/toolchain/gcc-arm-none-eabi-9-2020-q2-update-win32/bin/../lib/gcc/arm-none-eabi/9.3.1/thumb/v7e-m/nofp/crtbegin.o
                0x20000444                . = ALIGN (0x4)

.bss            0x20000448     0x1bc4 load address 0x080059e0
                0x20000448                _sbss = .
                0x20000448                __bss_start__ = _sbss
 *(.bss)
 .bss           0x20000448       0x1c d:/toolchain/gcc-arm-none-eabi-9-2020-q2-update-win32/bin/../lib/gcc/arm-none-eabi/9.3.1/thumb/v7e-m/nofp/crtbegin.o
 .bss           0x20000464        0x1 ./objects/tremo_delay.o
 *fill*         0x20000465        0x3 
 .bss           0x20000468       0x11 ./objects/timer.o
                0x20000478                HasLoopedThroughMain
 *fill*         0x20000479        0x3 
 .bss           0x2000047c       0x16 ./objects/radio.o
                0x20000480                IrqFired
                0x20000484                TxTimeout
                0x20000488                RxContinuous
                0x2000048c                RxTimeout
 *fill*         0x20000492        0x2 
 .bss           0x20000494        0x8 ./objects/sx126x.o
                0x20000498                FrequencyError
 .bss           0x2000049c        0x9 ./objects/rtc-board.o
                0x200004a0                McuWakeUpTime
                0x200004a4                NonScheduledWakeUp
 .bss           0x200004a5        0x1 ./objects/sx1262-board.o
                0x200004a5                gPaOptSetting
 *fill*         0x200004a6        0x2 
 .bss           0x200004a8       0x28 ./objects/pingpong.o
                0x200004a8                State
                0x200004a9                RssiValue
                0x200004aa                SnrValue
                0x200004c8                ChipId
 .bss           0x200004d0        0x2 ./objects/ssbuf.o
                0x200004d0                mes_cnt
 *(.bss*)
 *(COMMON)
 *fill*         0x200004d2        0x2 
 COMMON         0x200004d4      0x190 ./objects/radio.o
                0x200004d4                irqRegs
                0x200004d8                SX126x
                0x20000514                TxTimeoutTimer
                0x20000528                RadioRxPayload
                0x20000628                CadTimeoutTimer
                0x2000063c                RadioPktStatus
                0x20000650                RxTimeoutTimer
 *fill*         0x20000664        0x4 
 COMMON         0x20000668       0x18 ./objects/rtc-board.o
                0x20000668                RtcCalendarContext
                0x20000678                RtcTimerContext
 COMMON         0x20000680     0x1944 ./objects/main.o
                0x20000680                USART_TX_BUF
                0x20000694                USART_RX_STA
                0x20000698                menbuf
                0x20001698                USART_RX_BUF
                0x200016ac                OUT
                0x200016b0                M
                0x20001fc0                IN
 COMMON         0x20001fc4       0x22 ./objects/pingpong.o
                0x20001fc4                node
                0x20001fd8                Buffer
 *fill*         0x20001fe6        0x2 
 COMMON         0x20001fe8       0x21 d:/toolchain/gcc-arm-none-eabi-9-2020-q2-update-win32/bin/../lib/gcc/arm-none-eabi/9.3.1/../../../../arm-none-eabi/lib/thumb/v7e-m/nofp\libc.a(lib_a-lock.o)
                0x20001fe8                __lock___atexit_recursive_mutex
                0x20001fec                __lock___arc4random_mutex
                0x20001ff0                __lock___env_recursive_mutex
                0x20001ff4                __lock___sinit_recursive_mutex
                0x20001ff8                __lock___malloc_recursive_mutex
                0x20001ffc                __lock___at_quick_exit_mutex
                0x20002000                __lock___dd_hash_mutex
                0x20002004                __lock___tz_mutex
                0x20002008                __lock___sfp_recursive_mutex
                0x2000200c                . = ALIGN (0x4)
 *fill*         0x20002009        0x3 
                0x2000200c                _ebss = .
                0x2000200c                __bss_end__ = _ebss

.heap           0x2000200c        0x0 load address 0x080059e0
                0x2000200c                . = ALIGN (0x4)
                0x2000200c                _heap_bottom = .
                0x2000200c                end = _heap_bottom
                0x2000200c                _end = end
                0x2000200c                __end = end
                0x2000200c                . = (. + _HEAP_SIZE)
                0x2000200c                _heap_top = .

.stack          0x2000200c     0x1000 load address 0x080059e0
                0x2000200c                . = ALIGN (0x4)
                0x2000200c                _stack_bottom = .
                0x2000300c                . = (. + _STACK_SIZE)
 *fill*         0x2000200c     0x1000 
                0x2000300c                _stack_top = .

/DISCARD/
 libc.a(*)
 libm.a(*)
 libgcc.a(*)

.ARM.attributes
                0x00000000       0x2e
 *(.ARM.attributes)
 .ARM.attributes
                0x00000000       0x1e d:/toolchain/gcc-arm-none-eabi-9-2020-q2-update-win32/bin/../lib/gcc/arm-none-eabi/9.3.1/thumb/v7e-m/nofp/crti.o
 .ARM.attributes
                0x0000001e       0x2e d:/toolchain/gcc-arm-none-eabi-9-2020-q2-update-win32/bin/../lib/gcc/arm-none-eabi/9.3.1/thumb/v7e-m/nofp/crtbegin.o
 .ARM.attributes
                0x0000004c       0x32 ./objects/printf-stdarg.o
 .ARM.attributes
                0x0000007e       0x32 ./objects/system_cm4.o
 .ARM.attributes
                0x000000b0       0x21 ./objects/startup_cm4.o
 .ARM.attributes
                0x000000d1       0x32 ./objects/tremo_delay.o
 .ARM.attributes
                0x00000103       0x32 ./objects/tremo_gpio.o
 .ARM.attributes
                0x00000135       0x32 ./objects/tremo_pwr.o
 .ARM.attributes
                0x00000167       0x32 ./objects/tremo_rcc.o
 .ARM.attributes
                0x00000199       0x32 ./objects/tremo_rtc.o
 .ARM.attributes
                0x000001cb       0x32 ./objects/tremo_uart.o
 .ARM.attributes
                0x000001fd       0x32 ./objects/delay.o
 .ARM.attributes
                0x0000022f       0x32 ./objects/timer.o
 .ARM.attributes
                0x00000261       0x32 ./objects/radio.o
 .ARM.attributes
                0x00000293       0x32 ./objects/sx126x.o
 .ARM.attributes
                0x000002c5       0x32 ./objects/rtc-board.o
 .ARM.attributes
                0x000002f7       0x32 ./objects/sx1262-board.o
 .ARM.attributes
                0x00000329       0x32 ./objects/utilities.o
 .ARM.attributes
                0x0000035b       0x32 ./objects/main.o
 .ARM.attributes
                0x0000038d       0x32 ./objects/pingpong.o
 .ARM.attributes
                0x000003bf       0x32 ./objects/tremo_it.o
 .ARM.attributes
                0x000003f1       0x32 ./objects/ssbuf.o
 .ARM.attributes
                0x00000423       0x32 ./objects/uart0.o
 .ARM.attributes
                0x00000455       0x1e d:/toolchain/gcc-arm-none-eabi-9-2020-q2-update-win32/bin/../lib/gcc/arm-none-eabi/9.3.1/thumb/v7e-m/nofp\libgcc.a(_arm_addsubdf3.o)
 .ARM.attributes
                0x00000473       0x1e d:/toolchain/gcc-arm-none-eabi-9-2020-q2-update-win32/bin/../lib/gcc/arm-none-eabi/9.3.1/thumb/v7e-m/nofp\libgcc.a(_arm_muldivdf3.o)
 .ARM.attributes
                0x00000491       0x1e d:/toolchain/gcc-arm-none-eabi-9-2020-q2-update-win32/bin/../lib/gcc/arm-none-eabi/9.3.1/thumb/v7e-m/nofp\libgcc.a(_arm_cmpdf2.o)
 .ARM.attributes
                0x000004af       0x1e d:/toolchain/gcc-arm-none-eabi-9-2020-q2-update-win32/bin/../lib/gcc/arm-none-eabi/9.3.1/thumb/v7e-m/nofp\libgcc.a(_arm_fixdfsi.o)
 .ARM.attributes
                0x000004cd       0x1e d:/toolchain/gcc-arm-none-eabi-9-2020-q2-update-win32/bin/../lib/gcc/arm-none-eabi/9.3.1/thumb/v7e-m/nofp\libgcc.a(_arm_fixunsdfsi.o)
 .ARM.attributes
                0x000004eb       0x1e d:/toolchain/gcc-arm-none-eabi-9-2020-q2-update-win32/bin/../lib/gcc/arm-none-eabi/9.3.1/thumb/v7e-m/nofp\libgcc.a(_aeabi_uldivmod.o)
 .ARM.attributes
                0x00000509       0x2e d:/toolchain/gcc-arm-none-eabi-9-2020-q2-update-win32/bin/../lib/gcc/arm-none-eabi/9.3.1/thumb/v7e-m/nofp\libgcc.a(_fixunsdfdi.o)
 .ARM.attributes
                0x00000537       0x2e d:/toolchain/gcc-arm-none-eabi-9-2020-q2-update-win32/bin/../lib/gcc/arm-none-eabi/9.3.1/thumb/v7e-m/nofp\libgcc.a(_udivmoddi4.o)
 .ARM.attributes
                0x00000565       0x1e d:/toolchain/gcc-arm-none-eabi-9-2020-q2-update-win32/bin/../lib/gcc/arm-none-eabi/9.3.1/thumb/v7e-m/nofp\libgcc.a(_dvmd_tls.o)
 .ARM.attributes
                0x00000583       0x2e d:/toolchain/gcc-arm-none-eabi-9-2020-q2-update-win32/bin/../lib/gcc/arm-none-eabi/9.3.1/../../../../arm-none-eabi/lib/thumb/v7e-m/nofp\libc.a(lib_a-impure.o)
 .ARM.attributes
                0x000005b1       0x2e d:/toolchain/gcc-arm-none-eabi-9-2020-q2-update-win32/bin/../lib/gcc/arm-none-eabi/9.3.1/../../../../arm-none-eabi/lib/thumb/v7e-m/nofp\libc.a(lib_a-init.o)
 .ARM.attributes
                0x000005df       0x1c d:/toolchain/gcc-arm-none-eabi-9-2020-q2-update-win32/bin/../lib/gcc/arm-none-eabi/9.3.1/../../../../arm-none-eabi/lib/thumb/v7e-m/nofp\libc.a(lib_a-memcpy.o)
 .ARM.attributes
                0x000005fb       0x2e d:/toolchain/gcc-arm-none-eabi-9-2020-q2-update-win32/bin/../lib/gcc/arm-none-eabi/9.3.1/../../../../arm-none-eabi/lib/thumb/v7e-m/nofp\libc.a(lib_a-memset.o)
 .ARM.attributes
                0x00000629       0x2e d:/toolchain/gcc-arm-none-eabi-9-2020-q2-update-win32/bin/../lib/gcc/arm-none-eabi/9.3.1/../../../../arm-none-eabi/lib/thumb/v7e-m/nofp\libc.a(lib_a-__call_atexit.o)
 .ARM.attributes
                0x00000657       0x2e d:/toolchain/gcc-arm-none-eabi-9-2020-q2-update-win32/bin/../lib/gcc/arm-none-eabi/9.3.1/../../../../arm-none-eabi/lib/thumb/v7e-m/nofp\libc.a(lib_a-atexit.o)
 .ARM.attributes
                0x00000685       0x2e d:/toolchain/gcc-arm-none-eabi-9-2020-q2-update-win32/bin/../lib/gcc/arm-none-eabi/9.3.1/../../../../arm-none-eabi/lib/thumb/v7e-m/nofp\libc.a(lib_a-fini.o)
 .ARM.attributes
                0x000006b3       0x2e d:/toolchain/gcc-arm-none-eabi-9-2020-q2-update-win32/bin/../lib/gcc/arm-none-eabi/9.3.1/../../../../arm-none-eabi/lib/thumb/v7e-m/nofp\libc.a(lib_a-lock.o)
 .ARM.attributes
                0x000006e1       0x2e d:/toolchain/gcc-arm-none-eabi-9-2020-q2-update-win32/bin/../lib/gcc/arm-none-eabi/9.3.1/../../../../arm-none-eabi/lib/thumb/v7e-m/nofp\libc.a(lib_a-__atexit.o)
 .ARM.attributes
                0x0000070f       0x1e d:/toolchain/gcc-arm-none-eabi-9-2020-q2-update-win32/bin/../lib/gcc/arm-none-eabi/9.3.1/thumb/v7e-m/nofp/crtn.o
OUTPUT(./Objects/project.elf elf32-littlearm)
LOAD linker stubs
LOAD d:/toolchain/gcc-arm-none-eabi-9-2020-q2-update-win32/bin/../lib/gcc/arm-none-eabi/9.3.1/../../../../arm-none-eabi/lib/thumb/v7e-m/nofp\libc.a
LOAD d:/toolchain/gcc-arm-none-eabi-9-2020-q2-update-win32/bin/../lib/gcc/arm-none-eabi/9.3.1/../../../../arm-none-eabi/lib/thumb/v7e-m/nofp\libm.a
LOAD d:/toolchain/gcc-arm-none-eabi-9-2020-q2-update-win32/bin/../lib/gcc/arm-none-eabi/9.3.1/thumb/v7e-m/nofp\libgcc.a

.debug_info     0x00000000    0x1c1d5
 .debug_info    0x00000000     0x226e ./objects/printf-stdarg.o
 .debug_info    0x0000226e      0x855 ./objects/system_cm4.o
 .debug_info    0x00002ac3       0x22 ./objects/startup_cm4.o
 .debug_info    0x00002ae5      0x7cb ./objects/tremo_delay.o
 .debug_info    0x000032b0      0x8fd ./objects/tremo_gpio.o
 .debug_info    0x00003bad      0x9ea ./objects/tremo_pwr.o
 .debug_info    0x00004597     0x1155 ./objects/tremo_rcc.o
 .debug_info    0x000056ec     0x1b7c ./objects/tremo_rtc.o
 .debug_info    0x00007268     0x1608 ./objects/tremo_uart.o
 .debug_info    0x00008870      0x185 ./objects/delay.o
 .debug_info    0x000089f5     0x1e0a ./objects/timer.o
 .debug_info    0x0000a7ff     0x3585 ./objects/radio.o
 .debug_info    0x0000dd84     0x30b8 ./objects/sx126x.o
 .debug_info    0x00010e3c     0x1cac ./objects/rtc-board.o
 .debug_info    0x00012ae8     0x26a3 ./objects/sx1262-board.o
 .debug_info    0x0001518b      0xc5f ./objects/utilities.o
 .debug_info    0x00015dea     0x141e ./objects/main.o
 .debug_info    0x00017208     0x1c43 ./objects/pingpong.o
 .debug_info    0x00018e4b      0x136 ./objects/tremo_it.o
 .debug_info    0x00018f81     0x1366 ./objects/ssbuf.o
 .debug_info    0x0001a2e7     0x1eee ./objects/uart0.o

.debug_abbrev   0x00000000     0x44bb
 .debug_abbrev  0x00000000      0x51f ./objects/printf-stdarg.o
 .debug_abbrev  0x0000051f      0x1e0 ./objects/system_cm4.o
 .debug_abbrev  0x000006ff       0x12 ./objects/startup_cm4.o
 .debug_abbrev  0x00000711      0x237 ./objects/tremo_delay.o
 .debug_abbrev  0x00000948      0x24a ./objects/tremo_gpio.o
 .debug_abbrev  0x00000b92      0x224 ./objects/tremo_pwr.o
 .debug_abbrev  0x00000db6      0x276 ./objects/tremo_rcc.o
 .debug_abbrev  0x0000102c      0x491 ./objects/tremo_rtc.o
 .debug_abbrev  0x000014bd      0x402 ./objects/tremo_uart.o
 .debug_abbrev  0x000018bf      0x109 ./objects/delay.o
 .debug_abbrev  0x000019c8      0x5a2 ./objects/timer.o
 .debug_abbrev  0x00001f6a      0x57a ./objects/radio.o
 .debug_abbrev  0x000024e4      0x514 ./objects/sx126x.o
 .debug_abbrev  0x000029f8      0x51d ./objects/rtc-board.o
 .debug_abbrev  0x00002f15      0x510 ./objects/sx1262-board.o
 .debug_abbrev  0x00003425      0x25e ./objects/utilities.o
 .debug_abbrev  0x00003683      0x2cd ./objects/main.o
 .debug_abbrev  0x00003950      0x3cd ./objects/pingpong.o
 .debug_abbrev  0x00003d1d       0xd4 ./objects/tremo_it.o
 .debug_abbrev  0x00003df1      0x310 ./objects/ssbuf.o
 .debug_abbrev  0x00004101      0x3ba ./objects/uart0.o

.debug_loc      0x00000000     0x9a35
 .debug_loc     0x00000000     0x277f ./objects/printf-stdarg.o
 .debug_loc     0x0000277f       0xc3 ./objects/system_cm4.o
 .debug_loc     0x00002842      0x1d7 ./objects/tremo_delay.o
 .debug_loc     0x00002a19      0x6f4 ./objects/tremo_gpio.o
 .debug_loc     0x0000310d      0x15f ./objects/tremo_pwr.o
 .debug_loc     0x0000326c      0x777 ./objects/tremo_rcc.o
 .debug_loc     0x000039e3      0xedf ./objects/tremo_rtc.o
 .debug_loc     0x000048c2      0x6fc ./objects/tremo_uart.o
 .debug_loc     0x00004fbe       0xb2 ./objects/delay.o
 .debug_loc     0x00005070      0x6b0 ./objects/timer.o
 .debug_loc     0x00005720     0x163c ./objects/radio.o
 .debug_loc     0x00006d5c     0x11d9 ./objects/sx126x.o
 .debug_loc     0x00007f35      0x70f ./objects/rtc-board.o
 .debug_loc     0x00008644      0x82b ./objects/sx1262-board.o
 .debug_loc     0x00008e6f      0x234 ./objects/utilities.o
 .debug_loc     0x000090a3       0x4c ./objects/main.o
 .debug_loc     0x000090ef      0x1dc ./objects/pingpong.o
 .debug_loc     0x000092cb      0x553 ./objects/ssbuf.o
 .debug_loc     0x0000981e      0x217 ./objects/uart0.o

.debug_aranges  0x00000000      0xb70
 .debug_aranges
                0x00000000       0x88 ./objects/printf-stdarg.o
 .debug_aranges
                0x00000088       0x28 ./objects/system_cm4.o
 .debug_aranges
                0x000000b0       0x28 ./objects/startup_cm4.o
 .debug_aranges
                0x000000d8       0x30 ./objects/tremo_delay.o
 .debug_aranges
                0x00000108       0x78 ./objects/tremo_gpio.o
 .debug_aranges
                0x00000180       0x58 ./objects/tremo_pwr.o
 .debug_aranges
                0x000001d8      0x178 ./objects/tremo_rcc.o
 .debug_aranges
                0x00000350      0x120 ./objects/tremo_rtc.o
 .debug_aranges
                0x00000470       0x98 ./objects/tremo_uart.o
 .debug_aranges
                0x00000508       0x28 ./objects/delay.o
 .debug_aranges
                0x00000530       0x88 ./objects/timer.o
 .debug_aranges
                0x000005b8      0x148 ./objects/radio.o
 .debug_aranges
                0x00000700      0x198 ./objects/sx126x.o
 .debug_aranges
                0x00000898       0x78 ./objects/rtc-board.o
 .debug_aranges
                0x00000910       0xd0 ./objects/sx1262-board.o
 .debug_aranges
                0x000009e0       0x50 ./objects/utilities.o
 .debug_aranges
                0x00000a30       0x28 ./objects/main.o
 .debug_aranges
                0x00000a58       0x50 ./objects/pingpong.o
 .debug_aranges
                0x00000aa8       0x58 ./objects/tremo_it.o
 .debug_aranges
                0x00000b00       0x30 ./objects/ssbuf.o
 .debug_aranges
                0x00000b30       0x40 ./objects/uart0.o

.debug_ranges   0x00000000     0x1050
 .debug_ranges  0x00000000      0x1d0 ./objects/printf-stdarg.o
 .debug_ranges  0x000001d0       0x70 ./objects/system_cm4.o
 .debug_ranges  0x00000240       0x20 ./objects/startup_cm4.o
 .debug_ranges  0x00000260       0x58 ./objects/tremo_delay.o
 .debug_ranges  0x000002b8       0x68 ./objects/tremo_gpio.o
 .debug_ranges  0x00000320       0x60 ./objects/tremo_pwr.o
 .debug_ranges  0x00000380      0x180 ./objects/tremo_rcc.o
 .debug_ranges  0x00000500      0x140 ./objects/tremo_rtc.o
 .debug_ranges  0x00000640       0x88 ./objects/tremo_uart.o
 .debug_ranges  0x000006c8       0x30 ./objects/delay.o
 .debug_ranges  0x000006f8       0xd8 ./objects/timer.o
 .debug_ranges  0x000007d0      0x1b0 ./objects/radio.o
 .debug_ranges  0x00000980      0x1e8 ./objects/sx126x.o
 .debug_ranges  0x00000b68      0x158 ./objects/rtc-board.o
 .debug_ranges  0x00000cc0      0x188 ./objects/sx1262-board.o
 .debug_ranges  0x00000e48       0x40 ./objects/utilities.o
 .debug_ranges  0x00000e88       0x18 ./objects/main.o
 .debug_ranges  0x00000ea0       0x58 ./objects/pingpong.o
 .debug_ranges  0x00000ef8       0x48 ./objects/tremo_it.o
 .debug_ranges  0x00000f40       0xb0 ./objects/ssbuf.o
 .debug_ranges  0x00000ff0       0x60 ./objects/uart0.o

.debug_line     0x00000000     0x97ea
 .debug_line    0x00000000     0x10d2 ./objects/printf-stdarg.o
 .debug_line    0x000010d2      0x2a9 ./objects/system_cm4.o
 .debug_line    0x0000137b       0x88 ./objects/startup_cm4.o
 .debug_line    0x00001403      0x2d1 ./objects/tremo_delay.o
 .debug_line    0x000016d4      0x603 ./objects/tremo_gpio.o
 .debug_line    0x00001cd7      0x42a ./objects/tremo_pwr.o
 .debug_line    0x00002101     0x11dd ./objects/tremo_rcc.o
 .debug_line    0x000032de      0xe2a ./objects/tremo_rtc.o
 .debug_line    0x00004108      0x73d ./objects/tremo_uart.o
 .debug_line    0x00004845      0x1a2 ./objects/delay.o
 .debug_line    0x000049e7      0x78e ./objects/timer.o
 .debug_line    0x00005175      0xf73 ./objects/radio.o
 .debug_line    0x000060e8      0xec7 ./objects/sx126x.o
 .debug_line    0x00006faf      0x6b7 ./objects/rtc-board.o
 .debug_line    0x00007666      0x91b ./objects/sx1262-board.o
 .debug_line    0x00007f81      0x30c ./objects/utilities.o
 .debug_line    0x0000828d      0x318 ./objects/main.o
 .debug_line    0x000085a5      0x560 ./objects/pingpong.o
 .debug_line    0x00008b05      0x10e ./objects/tremo_it.o
 .debug_line    0x00008c13      0x648 ./objects/ssbuf.o
 .debug_line    0x0000925b      0x58f ./objects/uart0.o

.debug_str      0x00000000     0x54e8
 .debug_str     0x00000000      0x810 ./objects/printf-stdarg.o
                                0x8dd (size before relaxing)
 .debug_str     0x00000810      0x41a ./objects/system_cm4.o
                                0x6d6 (size before relaxing)
 .debug_str     0x00000c2a       0x3b ./objects/startup_cm4.o
                                 0xeb (size before relaxing)
 .debug_str     0x00000c65       0xeb ./objects/tremo_delay.o
                                0x687 (size before relaxing)
 .debug_str     0x00000d50      0x6a3 ./objects/tremo_gpio.o
                                0x96d (size before relaxing)
 .debug_str     0x000013f3       0xf1 ./objects/tremo_pwr.o
                                0x744 (size before relaxing)
 .debug_str     0x000014e4      0xef3 ./objects/tremo_rcc.o
                               0x15de (size before relaxing)
 .debug_str     0x000023d7      0x878 ./objects/tremo_rtc.o
                               0x134a (size before relaxing)
 .debug_str     0x00002c4f      0x4d8 ./objects/tremo_uart.o
                               0x102b (size before relaxing)
 .debug_str     0x00003127       0x31 ./objects/delay.o
                                0x2c9 (size before relaxing)
 .debug_str     0x00003158      0xa43 ./objects/timer.o
                               0x12a9 (size before relaxing)
 .debug_str     0x00003b9b      0xa39 ./objects/radio.o
                               0x1b10 (size before relaxing)
 .debug_str     0x000045d4      0x90d ./objects/sx126x.o
                               0x1dfb (size before relaxing)
 .debug_str     0x00004ee1      0x254 ./objects/rtc-board.o
                               0x1404 (size before relaxing)
 .debug_str     0x00005135       0xc7 ./objects/sx1262-board.o
                               0x1a16 (size before relaxing)
 .debug_str     0x000051fc       0x5b ./objects/utilities.o
                                0x713 (size before relaxing)
 .debug_str     0x00005257       0x74 ./objects/main.o
                                0xd12 (size before relaxing)
 .debug_str     0x000052cb      0x10a ./objects/pingpong.o
                                0xd91 (size before relaxing)
 .debug_str     0x000053d5       0xbc ./objects/tremo_it.o
                                0x2a5 (size before relaxing)
 .debug_str     0x00005491       0x14 ./objects/ssbuf.o
                                0x8eb (size before relaxing)
 .debug_str     0x000054a5       0x43 ./objects/uart0.o
                               0x12a0 (size before relaxing)

.comment        0x00000000       0x4c
 .comment       0x00000000       0x4c ./objects/printf-stdarg.o
                                 0x4d (size before relaxing)
 .comment       0x0000004c       0x4d ./objects/system_cm4.o
 .comment       0x0000004c       0x4d ./objects/tremo_delay.o
 .comment       0x0000004c       0x4d ./objects/tremo_gpio.o
 .comment       0x0000004c       0x4d ./objects/tremo_pwr.o
 .comment       0x0000004c       0x4d ./objects/tremo_rcc.o
 .comment       0x0000004c       0x4d ./objects/tremo_rtc.o
 .comment       0x0000004c       0x4d ./objects/tremo_uart.o
 .comment       0x0000004c       0x4d ./objects/delay.o
 .comment       0x0000004c       0x4d ./objects/timer.o
 .comment       0x0000004c       0x4d ./objects/radio.o
 .comment       0x0000004c       0x4d ./objects/sx126x.o
 .comment       0x0000004c       0x4d ./objects/rtc-board.o
 .comment       0x0000004c       0x4d ./objects/sx1262-board.o
 .comment       0x0000004c       0x4d ./objects/utilities.o
 .comment       0x0000004c       0x4d ./objects/main.o
 .comment       0x0000004c       0x4d ./objects/pingpong.o
 .comment       0x0000004c       0x4d ./objects/tremo_it.o
 .comment       0x0000004c       0x4d ./objects/ssbuf.o
 .comment       0x0000004c       0x4d ./objects/uart0.o

.debug_frame    0x00000000     0x221c
 .debug_frame   0x00000000      0x2a4 ./objects/printf-stdarg.o
 .debug_frame   0x000002a4       0x3c ./objects/system_cm4.o
 .debug_frame   0x000002e0       0x54 ./objects/tremo_delay.o
 .debug_frame   0x00000334      0x10c ./objects/tremo_gpio.o
 .debug_frame   0x00000440       0xa8 ./objects/tremo_pwr.o
 .debug_frame   0x000004e8      0x2d8 ./objects/tremo_rcc.o
 .debug_frame   0x000007c0      0x318 ./objects/tremo_rtc.o
 .debug_frame   0x00000ad8      0x138 ./objects/tremo_uart.o
 .debug_frame   0x00000c10       0x30 ./objects/delay.o
 .debug_frame   0x00000c40      0x184 ./objects/timer.o
 .debug_frame   0x00000dc4      0x3f0 ./objects/radio.o
 .debug_frame   0x000011b4      0x4c0 ./objects/sx126x.o
 .debug_frame   0x00001674      0x15c ./objects/rtc-board.o
 .debug_frame   0x000017d0      0x254 ./objects/sx1262-board.o
 .debug_frame   0x00001a24       0x8c ./objects/utilities.o
 .debug_frame   0x00001ab0       0x44 ./objects/main.o
 .debug_frame   0x00001af4       0xd4 ./objects/pingpong.o
 .debug_frame   0x00001bc8       0xc0 ./objects/tremo_it.o
 .debug_frame   0x00001c88       0x68 ./objects/ssbuf.o
 .debug_frame   0x00001cf0       0xa0 ./objects/uart0.o
 .debug_frame   0x00001d90       0xac d:/toolchain/gcc-arm-none-eabi-9-2020-q2-update-win32/bin/../lib/gcc/arm-none-eabi/9.3.1/thumb/v7e-m/nofp\libgcc.a(_arm_addsubdf3.o)
 .debug_frame   0x00001e3c       0x50 d:/toolchain/gcc-arm-none-eabi-9-2020-q2-update-win32/bin/../lib/gcc/arm-none-eabi/9.3.1/thumb/v7e-m/nofp\libgcc.a(_arm_muldivdf3.o)
 .debug_frame   0x00001e8c       0xc4 d:/toolchain/gcc-arm-none-eabi-9-2020-q2-update-win32/bin/../lib/gcc/arm-none-eabi/9.3.1/thumb/v7e-m/nofp\libgcc.a(_arm_cmpdf2.o)
 .debug_frame   0x00001f50       0x24 d:/toolchain/gcc-arm-none-eabi-9-2020-q2-update-win32/bin/../lib/gcc/arm-none-eabi/9.3.1/thumb/v7e-m/nofp\libgcc.a(_arm_fixdfsi.o)
 .debug_frame   0x00001f74       0x24 d:/toolchain/gcc-arm-none-eabi-9-2020-q2-update-win32/bin/../lib/gcc/arm-none-eabi/9.3.1/thumb/v7e-m/nofp\libgcc.a(_arm_fixunsdfsi.o)
 .debug_frame   0x00001f98       0x2c d:/toolchain/gcc-arm-none-eabi-9-2020-q2-update-win32/bin/../lib/gcc/arm-none-eabi/9.3.1/thumb/v7e-m/nofp\libgcc.a(_aeabi_uldivmod.o)
 .debug_frame   0x00001fc4       0x2c d:/toolchain/gcc-arm-none-eabi-9-2020-q2-update-win32/bin/../lib/gcc/arm-none-eabi/9.3.1/thumb/v7e-m/nofp\libgcc.a(_fixunsdfdi.o)
 .debug_frame   0x00001ff0       0x34 d:/toolchain/gcc-arm-none-eabi-9-2020-q2-update-win32/bin/../lib/gcc/arm-none-eabi/9.3.1/thumb/v7e-m/nofp\libgcc.a(_udivmoddi4.o)
 .debug_frame   0x00002024       0x2c d:/toolchain/gcc-arm-none-eabi-9-2020-q2-update-win32/bin/../lib/gcc/arm-none-eabi/9.3.1/../../../../arm-none-eabi/lib/thumb/v7e-m/nofp\libc.a(lib_a-init.o)
 .debug_frame   0x00002050       0x38 d:/toolchain/gcc-arm-none-eabi-9-2020-q2-update-win32/bin/../lib/gcc/arm-none-eabi/9.3.1/../../../../arm-none-eabi/lib/thumb/v7e-m/nofp\libc.a(lib_a-memset.o)
 .debug_frame   0x00002088       0x5c d:/toolchain/gcc-arm-none-eabi-9-2020-q2-update-win32/bin/../lib/gcc/arm-none-eabi/9.3.1/../../../../arm-none-eabi/lib/thumb/v7e-m/nofp\libc.a(lib_a-__call_atexit.o)
 .debug_frame   0x000020e4       0x20 d:/toolchain/gcc-arm-none-eabi-9-2020-q2-update-win32/bin/../lib/gcc/arm-none-eabi/9.3.1/../../../../arm-none-eabi/lib/thumb/v7e-m/nofp\libc.a(lib_a-atexit.o)
 .debug_frame   0x00002104       0x34 d:/toolchain/gcc-arm-none-eabi-9-2020-q2-update-win32/bin/../lib/gcc/arm-none-eabi/9.3.1/../../../../arm-none-eabi/lib/thumb/v7e-m/nofp\libc.a(lib_a-fini.o)
 .debug_frame   0x00002138       0xb0 d:/toolchain/gcc-arm-none-eabi-9-2020-q2-update-win32/bin/../lib/gcc/arm-none-eabi/9.3.1/../../../../arm-none-eabi/lib/thumb/v7e-m/nofp\libc.a(lib_a-lock.o)
 .debug_frame   0x000021e8       0x34 d:/toolchain/gcc-arm-none-eabi-9-2020-q2-update-win32/bin/../lib/gcc/arm-none-eabi/9.3.1/../../../../arm-none-eabi/lib/thumb/v7e-m/nofp\libc.a(lib_a-__atexit.o)
